triggered 
triggered 
triggered 
triggered 
triggered 
triggered 
triggered 
job triggeredjob triggeredjob triggeredjob triggeredjob triggeredjob triggeredjob triggeredjob triggeredjob triggeredjob triggeredjob triggeredjob finished
